******************************************************************************
                  TI ARM Linker PC v20.2.7                     
******************************************************************************
>> Linked Tue Feb 13 13:21:24 2024

OUTPUT FILE NAME:   <Teste01-Botao.out>
ENTRY POINT SYMBOL: "_c_int00_noargs"  address: 000006ad


MEMORY CONFIGURATION

         name            origin    length      used     unused   attr    fill
----------------------  --------  ---------  --------  --------  ----  --------
  FLASH                 00000000   00100000  000009fa  000ff606  R  X
  SRAM                  20000000   00040000  00000204  0003fdfc  RW X


SEGMENT ALLOCATION MAP

run origin  load origin   length   init length attrs members
----------  ----------- ---------- ----------- ----- -------
00000000    00000000    000009fc   000009fc    r-x
  00000000    00000000    00000208   00000208    r-- .intvecs
  00000208    00000208    0000058a   0000058a    r-x .text
  00000794    00000794    00000254   00000254    r-- .const
  000009e8    000009e8    00000014   00000014    r-- .cinit
20000000    20000000    00000204   00000000    rw-
  20000000    20000000    00000200   00000000    rw- .stack
  20000200    20000200    00000004   00000000    rw- .bss


SECTION ALLOCATION MAP

 output                                  attributes/
section   page    origin      length       input sections
--------  ----  ----------  ----------   ----------------
.intvecs   0    00000000    00000208     
                  00000000    00000208     tm4c129encpdt_startup_ccs.obj (.intvecs)

.text      0    00000208    0000058a     
                  00000208    00000200     driverlib.lib : sysctl.obj (.text:SysCtlClockFreqSet)
                  00000408    00000132                   : gpio.obj (.text:GPIOPadConfigSet)
                  0000053a    00000002     --HOLE-- [fill = 0]
                  0000053c    000000b0     main.obj (.text)
                  000005ec    00000048     driverlib.lib : sysctl.obj (.text:_SysCtlFrequencyGet)
                  00000634    00000044     rtsv7M4_T_le_v4SPD16_eabi.lib : autoinit.c.obj (.text:__TI_auto_init_nobinit_nopinit:__TI_auto_init_nobinit_nopinit)
                  00000678    00000034     driverlib.lib : sysctl.obj (.text:SysCtlPeripheralEnable)
                  000006ac    00000034     rtsv7M4_T_le_v4SPD16_eabi.lib : boot_cortex_m.c.obj (.text:_c_int00_noargs:_c_int00_noargs)
                  000006e0    0000002a     driverlib.lib : gpio.obj (.text:GPIODirModeSet)
                  0000070a    00000002     --HOLE-- [fill = 0]
                  0000070c    00000020                   : sysctl.obj (.text:_SysCtlMemTimingGet)
                  0000072c    0000001c     rtsv7M4_T_le_v4SPD16_eabi.lib : copy_zero_init.c.obj (.text:decompress:ZI:__TI_zero_init_nomemset:__TI_zero_init_nomemset)
                  00000748    00000018     driverlib.lib : gpio.obj (.text:GPIOPinTypeGPIOOutput)
                  00000760    00000012                   : gpio.obj (.text:GPIOPinTypeGPIOInput)
                  00000772    0000000c     tm4c129encpdt_startup_ccs.obj (.text)
                  0000077e    00000006     driverlib.lib : gpio.obj (.text:GPIOPinRead)
                  00000784    00000006                   : gpio.obj (.text:GPIOPinWrite)
                  0000078a    00000004     rtsv7M4_T_le_v4SPD16_eabi.lib : pre_init.c.obj (.text:_system_pre_init)
                  0000078e    00000004                                   : exit.c.obj (.text:abort:abort)

.const     0    00000794    00000254     
                  00000794    000001b0     driverlib.lib : sysctl.obj (.const:g_pppui32XTALtoVCO)
                  00000944    0000006c                   : sysctl.obj (.const:g_pui32Xtals)
                  000009b0    00000030                   : sysctl.obj (.const:g_sXTALtoMEMTIM)
                  000009e0    00000008                   : sysctl.obj (.const)

.cinit     0    000009e8    00000014     
                  000009e8    00000008     (.cinit..bss.load) [load image, compression = zero_init]
                  000009f0    00000004     (__TI_handler_table)
                  000009f4    00000008     (__TI_cinit_table)

.init_array 
*          0    00000000    00000000     UNINITIALIZED

.bss       0    20000200    00000004     UNINITIALIZED
                  20000200    00000004     (.common:g_ui32SysClock)

.stack     0    20000000    00000200     UNINITIALIZED
                  20000000    00000004     rtsv7M4_T_le_v4SPD16_eabi.lib : boot_cortex_m.c.obj (.stack)
                  20000004    000001fc     --HOLE--

__llvm_prf_cnts 
*          0    20000000    00000000     UNINITIALIZED

MODULE SUMMARY

       Module                          code   ro data   rw data
       ------                          ----   -------   -------
    .\
       tm4c129encpdt_startup_ccs.obj   12     520       0      
       main.obj                        176    0         4      
    +--+-------------------------------+------+---------+---------+
       Total:                          188    520       4      
                                                               
    C:/Anderson/Cursos/Tiva C/tivaware_c_series_2_1_4_178/driverlib/ccs/Debug/driverlib.lib
       sysctl.obj                      668    596       0      
       gpio.obj                        402    0         0      
    +--+-------------------------------+------+---------+---------+
       Total:                          1070   596       0      
                                                               
    C:\ti\ccs1240\ccs\tools\compiler\ti-cgt-arm_20.2.7.LTS\lib\rtsv7M4_T_le_v4SPD16_eabi.lib
       autoinit.c.obj                  68     0         0      
       boot_cortex_m.c.obj             52     0         0      
       copy_zero_init.c.obj            28     0         0      
       exit.c.obj                      4      0         0      
       pre_init.c.obj                  4      0         0      
    +--+-------------------------------+------+---------+---------+
       Total:                          156    0         0      
                                                               
       Stack:                          0      0         512    
       Linker Generated:               0      20        0      
    +--+-------------------------------+------+---------+---------+
       Grand Total:                    1414   1136      516    


LINKER GENERATED COPY TABLES

__TI_cinit_table @ 000009f4 records: 1, size/record: 8, table size: 8
	.bss: load addr=000009e8, load size=00000008 bytes, run addr=20000200, run size=00000004 bytes, compression=zero_init


LINKER GENERATED HANDLER TABLE

__TI_handler_table @ 000009f0 records: 1, size/record: 4, table size: 4
	index: 0, handler: __TI_zero_init


GLOBAL SYMBOLS: SORTED ALPHABETICALLY BY Name 

address   name                          
-------   ----                          
0000078f  C$$EXIT                       
000006e1  GPIODirModeSet                
00000409  GPIOPadConfigSet              
0000077f  GPIOPinRead                   
00000761  GPIOPinTypeGPIOInput          
00000749  GPIOPinTypeGPIOOutput         
00000785  GPIOPinWrite                  
00000773  ResetISR                      
00000209  SysCtlClockFreqSet            
00000679  SysCtlPeripheralEnable        
20000200  __STACK_END                   
00000200  __STACK_SIZE                  
20000200  __STACK_TOP                   
000009f4  __TI_CINIT_Base               
000009fc  __TI_CINIT_Limit              
000009f0  __TI_Handler_Table_Base       
000009f4  __TI_Handler_Table_Limit      
00000635  __TI_auto_init_nobinit_nopinit
ffffffff  __TI_pprof_out_hndl           
ffffffff  __TI_prof_data_size           
ffffffff  __TI_prof_data_start          
00000000  __TI_static_base__            
0000072d  __TI_zero_init_nomemset       
ffffffff  __binit__                     
ffffffff  __c_args__                    
UNDEFED   __mpu_init                    
20000000  __stack                       
20000000  __start___llvm_prf_cnts       
20000000  __stop___llvm_prf_cnts        
000006ad  _c_int00_noargs               
UNDEFED   _system_post_cinit            
0000078b  _system_pre_init              
0000078f  abort                         
ffffffff  binit                         
00000000  g_pfnVectors                  
20000200  g_ui32SysClock                
0000053d  main                          


GLOBAL SYMBOLS: SORTED BY Symbol Address 

address   name                          
-------   ----                          
00000000  __TI_static_base__            
00000000  g_pfnVectors                  
00000200  __STACK_SIZE                  
00000209  SysCtlClockFreqSet            
00000409  GPIOPadConfigSet              
0000053d  main                          
00000635  __TI_auto_init_nobinit_nopinit
00000679  SysCtlPeripheralEnable        
000006ad  _c_int00_noargs               
000006e1  GPIODirModeSet                
0000072d  __TI_zero_init_nomemset       
00000749  GPIOPinTypeGPIOOutput         
00000761  GPIOPinTypeGPIOInput          
00000773  ResetISR                      
0000077f  GPIOPinRead                   
00000785  GPIOPinWrite                  
0000078b  _system_pre_init              
0000078f  C$$EXIT                       
0000078f  abort                         
000009f0  __TI_Handler_Table_Base       
000009f4  __TI_CINIT_Base               
000009f4  __TI_Handler_Table_Limit      
000009fc  __TI_CINIT_Limit              
20000000  __stack                       
20000000  __start___llvm_prf_cnts       
20000000  __stop___llvm_prf_cnts        
20000200  __STACK_END                   
20000200  __STACK_TOP                   
20000200  g_ui32SysClock                
ffffffff  __TI_pprof_out_hndl           
ffffffff  __TI_prof_data_size           
ffffffff  __TI_prof_data_start          
ffffffff  __binit__                     
ffffffff  __c_args__                    
ffffffff  binit                         
UNDEFED   __mpu_init                    
UNDEFED   _system_post_cinit            

[37 symbols]
