******************************************************************************
                  TI ARM Linker PC v20.2.7                     
******************************************************************************
>> Linked Thu Feb 15 22:46:01 2024

OUTPUT FILE NAME:   <Teste02-Uart.out>
ENTRY POINT SYMBOL: "_c_int00_noargs"  address: 000024f5


MEMORY CONFIGURATION

         name            origin    length      used     unused   attr    fill
----------------------  --------  ---------  --------  --------  ----  --------
  FLASH                 00000000   00100000  00002baa  000fd456  R  X
  SRAM                  20000000   00040000  00000232  0003fdce  RW X


SEGMENT ALLOCATION MAP

run origin  load origin   length   init length attrs members
----------  ----------- ---------- ----------- ----- -------
00000000    00000000    00002bb0   00002bb0    r-x
  00000000    00000000    00000208   00000208    r-- .intvecs
  00000208    00000208    0000251a   0000251a    r-x .text
  00002724    00002724    00000458   00000458    r-- .const
  00002b80    00002b80    00000030   00000030    r-- .cinit
20000000    20000000    00000234   00000000    rw-
  20000000    20000000    00000200   00000000    rw- .stack
  20000200    20000200    0000002e   00000000    rw- .bss
  20000230    20000230    00000004   00000000    rw- .data


SECTION ALLOCATION MAP

 output                                  attributes/
section   page    origin      length       input sections
--------  ----  ----------  ----------   ----------------
.intvecs   0    00000000    00000208     
                  00000000    00000208     tm4c129encpdt_startup_ccs.obj (.intvecs)

.text      0    00000208    0000251a     
                  00000208    00000a4e     rtsv7M4_T_le_v4SPD16_eabi.lib : _printfi.c.obj (.text:__TI_printfi)
                  00000c56    00000002                                   : div0.asm.obj (.text)
                  00000c58    00000270                                   : _printfi.c.obj (.text:_pconv_a)
                  00000ec8    00000200     driverlib.lib : sysctl.obj (.text:SysCtlClockFreqSet)
                  000010c8    000001d0     rtsv7M4_T_le_v4SPD16_eabi.lib : _printfi.c.obj (.text:_pconv_g)
                  00001298    000001b6                                   : fd_add_t2.asm.obj (.text)
                  0000144e    00000002     --HOLE-- [fill = 0]
                  00001450    00000164     main.obj (.text)
                  000015b4    0000013c     rtsv7M4_T_le_v4SPD16_eabi.lib : _printfi.c.obj (.text:_pconv_e)
                  000016f0    00000136                                   : fd_div_t2.asm.obj (.text)
                  00001826    00000132     driverlib.lib : gpio.obj (.text:GPIOPadConfigSet)
                  00001958    00000124     rtsv7M4_T_le_v4SPD16_eabi.lib : _printfi.c.obj (.text:fcvt)
                  00001a7c    00000110                                   : s_scalbn.c.obj (.text:scalbn)
                  00001b8c    000000fc                                   : fd_mul_t2.asm.obj (.text)
                  00001c88    000000b1                                   : _printfi.c.obj (.text:_ltostr)
                  00001d39    00000001     --HOLE-- [fill = 0]
                  00001d3a    0000009c                                   : memcpy_t2.asm.obj (.text)
                  00001dd6    00000096                                   : ull_div_t2.asm.obj (.text)
                  00001e6c    00000086                                   : fd_cmp_t2.asm.obj (.text:__aeabi_cdcmple)
                  00001ef2    00000086                                   : fd_cmp_t2.asm.obj (.text:__aeabi_cdrcmple)
                  00001f78    0000007a                                   : memset_t2.asm.obj (.text)
                  00001ff2    0000006e                                   : _printfi.c.obj (.text:_mcpy)
                  00002060    00000068     driverlib.lib : interrupt.obj (.text:IntEnable)
                  000020c8    00000068     rtsv7M4_T_le_v4SPD16_eabi.lib : copy_decompress_lzss.c.obj (.text:decompress:lzss:__TI_decompress_lzss)
                  00002130    00000064                                   : s_frexp.c.obj (.text:frexp)
                  00002194    00000056                                   : _printfi.c.obj (.text:_pconv_f)
                  000021ea    00000054                                   : _ltoa.c.obj (.text:__TI_ltoa)
                  0000223e    00000052                                   : _printfi.c.obj (.text:_ecpy)
                  00002290    0000004c                                   : atoi.c.obj (.text:atoi)
                  000022dc    00000048     driverlib.lib : gpio.obj (.text:GPIOPinConfigure)
                  00002324    00000048                   : sysctl.obj (.text:_SysCtlFrequencyGet)
                  0000236c    00000048     rtsv7M4_T_le_v4SPD16_eabi.lib : fd_toi_t2.asm.obj (.text)
                  000023b4    00000046     driverlib.lib : uart.obj (.text:UARTConfigSetExpClk)
                  000023fa    00000002     --HOLE-- [fill = 0]
                  000023fc    00000044     rtsv7M4_T_le_v4SPD16_eabi.lib : autoinit.c.obj (.text:__TI_auto_init_nobinit_nopinit:__TI_auto_init_nobinit_nopinit)
                  00002440    00000040                                   : sprintf.c.obj (.text:sprintf)
                  00002480    0000003e                                   : _printfi.c.obj (.text:_fcpy)
                  000024be    00000002     --HOLE-- [fill = 0]
                  000024c0    00000034     driverlib.lib : sysctl.obj (.text:SysCtlPeripheralEnable)
                  000024f4    00000034     rtsv7M4_T_le_v4SPD16_eabi.lib : boot_cortex_m.c.obj (.text:_c_int00_noargs:_c_int00_noargs)
                  00002528    0000002e                                   : i_tofd_t2.asm.obj (.text)
                  00002556    0000002a     driverlib.lib : gpio.obj (.text:GPIODirModeSet)
                  00002580    00000020                   : uart.obj (.text:UARTDisable)
                  000025a0    00000020                   : sysctl.obj (.text:_SysCtlMemTimingGet)
                  000025c0    0000001c     rtsv7M4_T_le_v4SPD16_eabi.lib : copy_zero_init.c.obj (.text:decompress:ZI:__TI_zero_init_nomemset:__TI_zero_init_nomemset)
                  000025dc    0000001c                                   : memccpy.c.obj (.text:memccpy)
                  000025f8    0000001a                                   : s_copysign.c.obj (.text:copysign)
                  00002612    00000018                                   : sprintf.c.obj (.text:_outs)
                  0000262a    00000016                                   : strchr.c.obj (.text:strchr)
                  00002640    00000014     driverlib.lib : uart.obj (.text:UARTEnable)
                  00002654    00000014     rtsv7M4_T_le_v4SPD16_eabi.lib : strlen.c.obj (.text:strlen)
                  00002668    00000012     driverlib.lib : gpio.obj (.text:GPIOPinTypeUART)
                  0000267a    00000012     rtsv7M4_T_le_v4SPD16_eabi.lib : wcslen.c.obj (.text:wcslen)
                  0000268c    00000010     driverlib.lib : interrupt.obj (.text:IntMasterEnable)
                  0000269c    0000000e                   : uart.obj (.text:UARTCharGetNonBlocking)
                  000026aa    0000000e                   : uart.obj (.text:UARTCharPutNonBlocking)
                  000026b8    0000000e                   : uart.obj (.text:UARTCharsAvail)
                  000026c6    0000000e     rtsv7M4_T_le_v4SPD16_eabi.lib : copy_decompress_none.c.obj (.text:decompress:none:__TI_decompress_none)
                  000026d4    0000000c     driverlib.lib : cpu.obj (.text:CPUcpsie)
                  000026e0    0000000c     tm4c129encpdt_startup_ccs.obj (.text)
                  000026ec    0000000a     driverlib.lib : uart.obj (.text:UARTIntStatus)
                  000026f6    0000000a     rtsv7M4_T_le_v4SPD16_eabi.lib : sprintf.c.obj (.text:_outc)
                  00002700    00000008     driverlib.lib : uart.obj (.text:UARTIntEnable)
                  00002708    00000008     rtsv7M4_T_le_v4SPD16_eabi.lib : errno.c.obj (.text:__aeabi_errno_addr)
                  00002710    00000006     driverlib.lib : sysctl.obj (.text:SysCtlDelay)
                  00002716    00000004                   : uart.obj (.text:UARTIntClear)
                  0000271a    00000004     rtsv7M4_T_le_v4SPD16_eabi.lib : pre_init.c.obj (.text:_system_pre_init)
                  0000271e    00000004                                   : exit.c.obj (.text:abort:abort)

.const     0    00002724    00000458     
                  00002724    000001b0     driverlib.lib : sysctl.obj (.const:g_pppui32XTALtoVCO)
                  000028d4    00000101     rtsv7M4_T_le_v4SPD16_eabi.lib : ctype.c.obj (.const:.string:_ctypes_)
                  000029d5    00000003     --HOLE-- [fill = 0]
                  000029d8    00000090     driverlib.lib : gpio.obj (.const:g_pui32GPIOBaseAddrs)
                  00002a68    00000070                   : interrupt.obj (.const)
                  00002ad8    0000006c                   : sysctl.obj (.const:g_pui32Xtals)
                  00002b44    00000030                   : sysctl.obj (.const:g_sXTALtoMEMTIM)
                  00002b74    00000008                   : sysctl.obj (.const)

.cinit     0    00002b80    00000030     
                  00002b80    0000000c     (__TI_handler_table)
                  00002b8c    00000004     --HOLE-- [fill = 0]
                  00002b90    00000008     (.cinit..bss.load) [load image, compression = zero_init]
                  00002b98    00000007     (.cinit..data.load) [load image, compression = lzss]
                  00002b9f    00000001     --HOLE-- [fill = 0]
                  00002ba0    00000010     (__TI_cinit_table)

.init_array 
*          0    00000000    00000000     UNINITIALIZED

.bss       0    20000200    0000002e     UNINITIALIZED
                  20000200    00000028     (.common:dados)
                  20000228    00000004     (.common:g_ui32SysClock)
                  2000022c    00000001     (.common:flagPronto)
                  2000022d    00000001     (.common:posicao)

.data      0    20000230    00000004     UNINITIALIZED
                  20000230    00000004     rtsv7M4_T_le_v4SPD16_eabi.lib : errno.c.obj (.data)

.stack     0    20000000    00000200     UNINITIALIZED
                  20000000    00000004     rtsv7M4_T_le_v4SPD16_eabi.lib : boot_cortex_m.c.obj (.stack)
                  20000004    000001fc     --HOLE--

__llvm_prf_cnts 
*          0    20000000    00000000     UNINITIALIZED

MODULE SUMMARY

       Module                          code   ro data   rw data
       ------                          ----   -------   -------
    .\
       tm4c129encpdt_startup_ccs.obj   12     520       0      
       main.obj                        356    0         46     
    +--+-------------------------------+------+---------+---------+
       Total:                          368    520       46     
                                                               
    C:/Anderson/Cursos/Tiva C/tivaware_c_series_2_1_4_178/driverlib/ccs/Debug/driverlib.lib
       sysctl.obj                      674    596       0      
       gpio.obj                        438    144       0      
       interrupt.obj                   120    112       0      
       uart.obj                        186    0         0      
       cpu.obj                         12     0         0      
    +--+-------------------------------+------+---------+---------+
       Total:                          1430   852       0      
                                                               
    C:\ti\ccs1240\ccs\tools\compiler\ti-cgt-arm_20.2.7.LTS\lib\rtsv7M4_T_le_v4SPD16_eabi.lib
       _printfi.c.obj                  4851   0         0      
       fd_add_t2.asm.obj               438    0         0      
       fd_div_t2.asm.obj               310    0         0      
       s_scalbn.c.obj                  272    0         0      
       fd_cmp_t2.asm.obj               268    0         0      
       ctype.c.obj                     0      257       0      
       fd_mul_t2.asm.obj               252    0         0      
       memcpy_t2.asm.obj               156    0         0      
       ull_div_t2.asm.obj              150    0         0      
       memset_t2.asm.obj               122    0         0      
       copy_decompress_lzss.c.obj      104    0         0      
       s_frexp.c.obj                   100    0         0      
       sprintf.c.obj                   98     0         0      
       _ltoa.c.obj                     84     0         0      
       atoi.c.obj                      76     0         0      
       fd_toi_t2.asm.obj               72     0         0      
       autoinit.c.obj                  68     0         0      
       boot_cortex_m.c.obj             52     0         0      
       i_tofd_t2.asm.obj               46     0         0      
       copy_zero_init.c.obj            28     0         0      
       memccpy.c.obj                   28     0         0      
       s_copysign.c.obj                26     0         0      
       strchr.c.obj                    22     0         0      
       strlen.c.obj                    20     0         0      
       wcslen.c.obj                    18     0         0      
       copy_decompress_none.c.obj      14     0         0      
       errno.c.obj                     8      0         4      
       exit.c.obj                      4      0         0      
       pre_init.c.obj                  4      0         0      
       div0.asm.obj                    2      0         0      
    +--+-------------------------------+------+---------+---------+
       Total:                          7693   257       4      
                                                               
       Stack:                          0      0         512    
       Linker Generated:               0      43        0      
    +--+-------------------------------+------+---------+---------+
       Grand Total:                    9491   1672      562    


LINKER GENERATED COPY TABLES

__TI_cinit_table @ 00002ba0 records: 2, size/record: 8, table size: 16
	.bss: load addr=00002b90, load size=00000008 bytes, run addr=20000200, run size=0000002e bytes, compression=zero_init
	.data: load addr=00002b98, load size=00000007 bytes, run addr=20000230, run size=00000004 bytes, compression=lzss


LINKER GENERATED HANDLER TABLE

__TI_handler_table @ 00002b80 records: 3, size/record: 4, table size: 12
	index: 0, handler: __TI_decompress_lzss
	index: 1, handler: __TI_decompress_none
	index: 2, handler: __TI_zero_init


GLOBAL SYMBOLS: SORTED ALPHABETICALLY BY Name 

address   name                          
-------   ----                          
0000271f  C$$EXIT                       
000026d5  CPUcpsie                      
00002557  GPIODirModeSet                
00001827  GPIOPadConfigSet              
000022dd  GPIOPinConfigure              
00002669  GPIOPinTypeUART               
00002061  IntEnable                     
0000268d  IntMasterEnable               
000026e1  ResetISR                      
00000ec9  SysCtlClockFreqSet            
00002711  SysCtlDelay                   
000024c1  SysCtlPeripheralEnable        
0000269d  UARTCharGetNonBlocking        
000026ab  UARTCharPutNonBlocking        
000026b9  UARTCharsAvail                
000023b5  UARTConfigSetExpClk           
00002581  UARTDisable                   
00002641  UARTEnable                    
00002717  UARTIntClear                  
00002701  UARTIntEnable                 
00001469  UARTIntHandler                
000026ed  UARTIntStatus                 
000014c1  UARTSend                      
20000200  __STACK_END                   
00000200  __STACK_SIZE                  
20000200  __STACK_TOP                   
00002ba0  __TI_CINIT_Base               
00002bb0  __TI_CINIT_Limit              
00002b80  __TI_Handler_Table_Base       
00002b8c  __TI_Handler_Table_Limit      
000023fd  __TI_auto_init_nobinit_nopinit
000020c9  __TI_decompress_lzss          
000026c7  __TI_decompress_none          
000021eb  __TI_ltoa                     
ffffffff  __TI_pprof_out_hndl           
00000209  __TI_printfi                  
ffffffff  __TI_prof_data_size           
ffffffff  __TI_prof_data_start          
00000000  __TI_static_base__            
000025c1  __TI_zero_init_nomemset       
00001e6d  __aeabi_cdcmpeq               
00001e6d  __aeabi_cdcmple               
00001ef3  __aeabi_cdrcmple              
0000236d  __aeabi_d2iz                  
000012a3  __aeabi_dadd                  
000016f1  __aeabi_ddiv                  
00001b8d  __aeabi_dmul                  
00001299  __aeabi_dsub                  
00002709  __aeabi_errno_addr            
00002529  __aeabi_i2d                   
00000c57  __aeabi_idiv0                 
00000c57  __aeabi_ldiv0                 
00001f79  __aeabi_memclr                
00001f79  __aeabi_memclr4               
00001f79  __aeabi_memclr8               
00001d3b  __aeabi_memcpy                
00001d3b  __aeabi_memcpy4               
00001d3b  __aeabi_memcpy8               
00001f7b  __aeabi_memset                
00001f7b  __aeabi_memset4               
00001f7b  __aeabi_memset8               
00001dd7  __aeabi_uldivmod              
ffffffff  __binit__                     
ffffffff  __c_args__                    
UNDEFED   __mpu_init                    
20000000  __stack                       
20000000  __start___llvm_prf_cnts       
20000000  __stop___llvm_prf_cnts        
000024f5  _c_int00_noargs               
000028d4  _ctypes_                      
UNDEFED   _system_post_cinit            
0000271b  _system_pre_init              
0000271f  abort                         
00002291  atoi                          
ffffffff  binit                         
000025f9  copysign                      
000025f9  copysignl                     
20000200  dados                         
20000230  errno                         
2000022c  flagPronto                    
00002131  frexp                         
00002131  frexpl                        
00000000  g_pfnVectors                  
20000228  g_ui32SysClock                
00001451  inicia_variaveis              
00001a7d  ldexp                         
00001a7d  ldexpl                        
000014e1  main                          
000025dd  memccpy                       
00001d3b  memcpy                        
00001f81  memset                        
2000022d  posicao                       
00001a7d  scalbn                        
00001a7d  scalbnl                       
00002441  sprintf                       
0000262b  strchr                        
00002655  strlen                        
0000267b  wcslen                        


GLOBAL SYMBOLS: SORTED BY Symbol Address 

address   name                          
-------   ----                          
00000000  __TI_static_base__            
00000000  g_pfnVectors                  
00000200  __STACK_SIZE                  
00000209  __TI_printfi                  
00000c57  __aeabi_idiv0                 
00000c57  __aeabi_ldiv0                 
00000ec9  SysCtlClockFreqSet            
00001299  __aeabi_dsub                  
000012a3  __aeabi_dadd                  
00001451  inicia_variaveis              
00001469  UARTIntHandler                
000014c1  UARTSend                      
000014e1  main                          
000016f1  __aeabi_ddiv                  
00001827  GPIOPadConfigSet              
00001a7d  ldexp                         
00001a7d  ldexpl                        
00001a7d  scalbn                        
00001a7d  scalbnl                       
00001b8d  __aeabi_dmul                  
00001d3b  __aeabi_memcpy                
00001d3b  __aeabi_memcpy4               
00001d3b  __aeabi_memcpy8               
00001d3b  memcpy                        
00001dd7  __aeabi_uldivmod              
00001e6d  __aeabi_cdcmpeq               
00001e6d  __aeabi_cdcmple               
00001ef3  __aeabi_cdrcmple              
00001f79  __aeabi_memclr                
00001f79  __aeabi_memclr4               
00001f79  __aeabi_memclr8               
00001f7b  __aeabi_memset                
00001f7b  __aeabi_memset4               
00001f7b  __aeabi_memset8               
00001f81  memset                        
00002061  IntEnable                     
000020c9  __TI_decompress_lzss          
00002131  frexp                         
00002131  frexpl                        
000021eb  __TI_ltoa                     
00002291  atoi                          
000022dd  GPIOPinConfigure              
0000236d  __aeabi_d2iz                  
000023b5  UARTConfigSetExpClk           
000023fd  __TI_auto_init_nobinit_nopinit
00002441  sprintf                       
000024c1  SysCtlPeripheralEnable        
000024f5  _c_int00_noargs               
00002529  __aeabi_i2d                   
00002557  GPIODirModeSet                
00002581  UARTDisable                   
000025c1  __TI_zero_init_nomemset       
000025dd  memccpy                       
000025f9  copysign                      
000025f9  copysignl                     
0000262b  strchr                        
00002641  UARTEnable                    
00002655  strlen                        
00002669  GPIOPinTypeUART               
0000267b  wcslen                        
0000268d  IntMasterEnable               
0000269d  UARTCharGetNonBlocking        
000026ab  UARTCharPutNonBlocking        
000026b9  UARTCharsAvail                
000026c7  __TI_decompress_none          
000026d5  CPUcpsie                      
000026e1  ResetISR                      
000026ed  UARTIntStatus                 
00002701  UARTIntEnable                 
00002709  __aeabi_errno_addr            
00002711  SysCtlDelay                   
00002717  UARTIntClear                  
0000271b  _system_pre_init              
0000271f  C$$EXIT                       
0000271f  abort                         
000028d4  _ctypes_                      
00002b80  __TI_Handler_Table_Base       
00002b8c  __TI_Handler_Table_Limit      
00002ba0  __TI_CINIT_Base               
00002bb0  __TI_CINIT_Limit              
20000000  __stack                       
20000000  __start___llvm_prf_cnts       
20000000  __stop___llvm_prf_cnts        
20000200  __STACK_END                   
20000200  __STACK_TOP                   
20000200  dados                         
20000228  g_ui32SysClock                
2000022c  flagPronto                    
2000022d  posicao                       
20000230  errno                         
ffffffff  __TI_pprof_out_hndl           
ffffffff  __TI_prof_data_size           
ffffffff  __TI_prof_data_start          
ffffffff  __binit__                     
ffffffff  __c_args__                    
ffffffff  binit                         
UNDEFED   __mpu_init                    
UNDEFED   _system_post_cinit            

[98 symbols]
